[INFO] ------------------------------------------------------------------------

C:\Users\sgupt664\BE_Projects\fads-case-entry-batch>jar tf target\*.jar | findstr /i "nimbus-jose-jwt"
BOOT-INF/lib/nimbus-jose-jwt-9.37.4.jar

C:\Users\sgupt664\BE_Projects\fads-case-entry-batch>jar tf target\*.jar | findstr /i "azure-identity"
BOOT-INF/lib/azure-identity-1.12.2.jar

C:\Users\sgupt664\BE_Projects\fads-case-entry-batch>jar tf target\*.jar | findstr /i "msal4j"
BOOT-INF/lib/msal4j-1.17.2.jar
BOOT-INF/lib/msal4j-persistence-extension-1.3.0.jar

C:\Users\sgupt664\BE_Projects\fads-case-entry-batch>dependency:tree -Dincludes=com.nimbusds:nimbus-jose-jwt and
The filename, directory name, or volume label syntax is incorrect.

C:\Users\sgupt664\BE_Projects\fads-case-entry-batch>mvn dependency:tree -Dincludes=com.azure:azure-identity
[INFO] Scanning for projects...
[INFO]
[INFO] ----------------< com.optum.fads:fads-case-entry-batch >----------------
[INFO] Building fads-case-entry-batch 1.0.0
[INFO]   from pom.xml
[INFO] --------------------------------[ jar ]---------------------------------
[WARNING] The artifact org.hibernate:hibernate-core:jar:6.2.3.Final has been relocated to org.hibernate.orm:hibernate-core:jar:6.2.3.Final
[INFO]
[INFO] --- dependency:3.8.1:tree (default-cli) @ fads-case-entry-batch ---
[WARNING] The artifact org.hibernate:hibernate-core:jar:6.2.3.Final has been relocated to org.hibernate.orm:hibernate-core:jar:6.2.3.Final
[INFO] com.optum.fads:fads-case-entry-batch:jar:1.0.0
[INFO] \- com.azure.spring:spring-cloud-azure-starter-keyvault-secrets:jar:4.6.0:compile
[INFO]    \- com.azure.spring:spring-cloud-azure-starter:jar:4.6.0:compile
[INFO]       \- com.azure.spring:spring-cloud-azure-autoconfigure:jar:4.6.0:compile
[INFO]          \- com.azure.spring:spring-cloud-azure-service:jar:4.6.0:compile
[INFO]             \- com.azure.spring:spring-cloud-azure-core:jar:4.6.0:compile
[INFO]                \- com.azure:azure-identity:jar:1.12.2:compile
[INFO] ------------------------------------------------------------------------
[INFO] BUILD SUCCESS
[INFO] ------------------------------------------------------------------------
[INFO] Total time:  4.742 s
[INFO] Finished at: 2026-01-15T15:25:19+05:30
[INFO] ------------------------------------------------------------------------

C:\Users\sgupt664\BE_Projects\fads-case-entry-batch>mvn dependency:tree -Dincludes=com.nimbusds:nimbus-jose-jwt and
[INFO] Scanning for projects...
[INFO]
[INFO] ----------------< com.optum.fads:fads-case-entry-batch >----------------
[INFO] Building fads-case-entry-batch 1.0.0
[INFO]   from pom.xml
[INFO] --------------------------------[ jar ]---------------------------------
[INFO] ------------------------------------------------------------------------
[INFO] BUILD FAILURE
[INFO] ------------------------------------------------------------------------
[INFO] Total time:  1.093 s
[INFO] Finished at: 2026-01-15T15:25:29+05:30
[INFO] ------------------------------------------------------------------------
[ERROR] Unknown lifecycle phase "and". You must specify a valid lifecycle phase or a goal in the format <plugin-prefix>:<goal> or <plugin-group-id>:<plugin-artifact-id>[:<plugin-version>]:<goal>. Available lifecycle phases are: pre-clean, clean, post-clean, validate, initialize, generate-sources, process-sources, generate-resources, process-resources, compile, process-classes, generate-test-sources, process-test-sources, generate-test-resources, process-test-resources, test-compile, process-test-classes, test, prepare-package, package, pre-integration-test, integration-test, post-integration-test, verify, install, deploy, pre-site, site, post-site, site-deploy. -> [Help 1]
[ERROR]
[ERROR] To see the full stack trace of the errors, re-run Maven with the -e switch.
[ERROR] Re-run Maven using the -X switch to enable full debug logging.
[ERROR]
[ERROR] For more information about the errors and possible solutions, please read the following articles:
[ERROR] [Help 1] http://cwiki.apache.org/confluence/display/MAVEN/LifecyclePhaseNotFoundException

C:\Users\sgupt664\BE_Projects\fads-case-entry-batch>mvn dependency:tree -Dincludes=com.nimbusds:nimbus-jose-jwt
[INFO] Scanning for projects...
[INFO]
[INFO] ----------------< com.optum.fads:fads-case-entry-batch >----------------
[INFO] Building fads-case-entry-batch 1.0.0
[INFO]   from pom.xml
[INFO] --------------------------------[ jar ]---------------------------------
[WARNING] The artifact org.hibernate:hibernate-core:jar:6.2.3.Final has been relocated to org.hibernate.orm:hibernate-core:jar:6.2.3.Final
[INFO]
[INFO] --- dependency:3.8.1:tree (default-cli) @ fads-case-entry-batch ---
[WARNING] The artifact org.hibernate:hibernate-core:jar:6.2.3.Final has been relocated to org.hibernate.orm:hibernate-core:jar:6.2.3.Final
[INFO] com.optum.fads:fads-case-entry-batch:jar:1.0.0
[INFO] \- com.nimbusds:nimbus-jose-jwt:jar:9.37.4:compile
[INFO] ------------------------------------------------------------------------
[INFO] BUILD SUCCESS
[INFO] ------------------------------------------------------------------------
[INFO] Total time:  4.842 s
[INFO] Finished at: 2026-01-15T15:25:43+05:30
[INFO] ------------------------------------------------------------------------

C:\Users\sgupt664\BE_Projects\fads-case-entry-batch>
